irb(main):003:0> e.save
=> false
irb(main):004:0> e.errors.full_messages
=> ["Name can't be blank"]
irb(main):005:0> e.name = 'ihower'
=> "ihower"
irb(main):006:0> e.save
  TRANSACTION (0.2ms)  begin transaction
  Event Create (1.4ms)  INSERT INTO "events" ("name", "description", "is_public", "capacity", "created_at", "updated_at") VALUES (?, ?, ?, ?, ?, ?)  [["name", "ihower"], ["description", nil], ["is_public", nil], ["capacity", nil], ["created_at", "2023-01-30 04:00:13.877171"], ["updated_at", "2023-01-30 04:00:13.877171"]]                                              
  TRANSACTION (1.0ms)  commit transaction       
=> true                                         
irb(main):007:0> e.errors.full_messages
=> []
